// Jest Snapshot v1, https://goo.gl/fbAQLP

exports[`matches snapshot 1`] = `
<div>
  <button
    className="btn btnBlue btnLg"
    label="Large explore Programs Button"
  >
    Large explore Programs Button
  </button>
</div>
`;

exports[`matches snapshot 2`] = `
<div>
  <button
    className="btn btnBlue btnLg"
    label="Large explore Programs Button"
  >
    Large explore Programs Button
  </button>
</div>
`;

exports[`matches snapshot 3`] = `
<div>
  <button
    className="btn btnBlue btnLg"
    label="Large explore Programs Button"
  >
    Large explore Programs Button
  </button>
</div>
`;

exports[`matches snapshot 4`] = `
<div>
  <button
    className="btn btnBlue btnLg"
    label="Large explore Programs Button"
  >
    Large explore Programs Button
  </button>
</div>
`;

exports[`matches snapshot 5`] = `
<div>
  <button
    className="btn btnBlue btnLg"
    label="Large explore Programs Button"
  >
    Large explore Programs Button
  </button>
</div>
`;

exports[`matches snapshot 6`] = `
<div>
  <button
    className="btn btnBlue btnLg"
    label="Large explore Programs Button"
  >
    Large explore Programs Button
  </button>
</div>
`;

exports[`matches snapshot 7`] = `
<div>
  <button
    className="btn btnBlue btnLg"
    label="Large explore Programs Button"
  >
    Large explore Programs Button
  </button>
</div>
`;

exports[`matches snapshot 8`] = `
<div>
  <button
    className="btn btnBlue btnLg"
    label="Large explore Programs Button"
  >
    Large explore Programs Button
  </button>
</div>
`;

exports[`matches snapshot 9`] = `
<div>
  <button
    className="btn btnBlue btnLg"
    label="Large explore Programs Button"
  >
    Large explore Programs Button
  </button>
</div>
`;

exports[`matches snapshot 10`] = `
<div>
  <button
    className="btn btnBlue btnLg"
    label="Large explore Programs Button"
  >
    Large explore Programs Button
  </button>
</div>
`;

exports[`matches snapshot 11`] = `
<div>
  <button
    className="btn btnBlue btnLg"
    label="Large explore Programs Button"
  >
    Large explore Programs Button
  </button>
</div>
`;

exports[`matches snapshot 12`] = `
<div>
  <button
    className="btn btnBlue btnLg"
    label="Large explore Programs Button"
  >
    Large explore Programs Button
  </button>
</div>
`;

exports[`matches snapshot 13`] = `
<div>
  <button
    className="btn btnBlue btnLg"
    label="Large explore Programs Button"
  >
    Large explore Programs Button
  </button>
</div>
`;

exports[`matches snapshot 14`] = `
<div>
  <button
    className="btn btnBlue btnLg"
    label="Large explore Programs Button"
  >
    Large explore Programs Button
  </button>
</div>
`;

exports[`matches snapshot 15`] = `
<div>
  <button
    className="btn btnBlue btnLg"
    label="Large explore Programs Button"
  >
    Large explore Programs Button
  </button>
</div>
`;

exports[`matches snapshot 16`] = `
<div>
  <button
    className="btn btnBlue btnLg"
    label="Large explore Programs Button"
  >
    Large explore Programs Button
  </button>
</div>
`;
