// Jest Snapshot v1, https://goo.gl/fbAQLP

exports[`matches snapshot 1`] = `
<div
  className="asuSearch"
>
  <h2
    className="srOnly"
  >
    Search
  </h2>
  <form
    _lpchecked="1"
    id="google/appliance/block/form"
    method="post"
  >
    <label
      htmlFor="masu_search_box"
    >
      Search
    </label>
    <input
      autoComplete="off"
      className="asuSearchBox"
      name="search_header"
      placeholder="Search"
      type="text"
    />
    <input
      className="asuSearchButton"
      type="submit"
      value="Search"
    />
  </form>
</div>
`;

exports[`matches snapshot 2`] = `
<div
  className="asuSearch"
>
  <h2
    className="srOnly"
  >
    Search
  </h2>
  <form
    _lpchecked="1"
    id="google/appliance/block/form"
    method="post"
  >
    <label
      htmlFor="masu_search_box"
    >
      Search
    </label>
    <input
      autoComplete="off"
      className="asuSearchBox"
      name="search_header"
      placeholder="Search"
      type="text"
    />
    <input
      className="asuSearchButton"
      type="submit"
      value="Search"
    />
  </form>
</div>
`;

exports[`matches snapshot 3`] = `
<div
  className="asuSearch"
>
  <h2
    className="srOnly"
  >
    Search
  </h2>
  <form
    _lpchecked="1"
    id="google/appliance/block/form"
    method="post"
  >
    <label
      htmlFor="masu_search_box"
    >
      Search
    </label>
    <input
      autoComplete="off"
      className="asuSearchBox"
      name="search_header"
      placeholder="Search"
      type="text"
    />
    <input
      className="asuSearchButton"
      type="submit"
      value="Search"
    />
  </form>
</div>
`;

exports[`matches snapshot 4`] = `
<div
  className="asuSearch"
>
  <h2
    className="srOnly"
  >
    Search
  </h2>
  <form
    _lpchecked="1"
    id="google/appliance/block/form"
    method="post"
  >
    <label
      htmlFor="masu_search_box"
    >
      Search
    </label>
    <input
      autoComplete="off"
      className="asuSearchBox"
      name="search_header"
      placeholder="Search"
      type="text"
    />
    <input
      className="asuSearchButton"
      type="submit"
      value="Search"
    />
  </form>
</div>
`;

exports[`matches snapshot 5`] = `
<div
  className="asuSearch"
>
  <h2
    className="srOnly"
  >
    Search
  </h2>
  <form
    _lpchecked="1"
    id="google/appliance/block/form"
    method="post"
  >
    <label
      htmlFor="masu_search_box"
    >
      Search
    </label>
    <input
      autoComplete="off"
      className="asuSearchBox"
      name="search_header"
      placeholder="Search"
      type="text"
    />
    <input
      className="asuSearchButton"
      type="submit"
      value="Search"
    />
  </form>
</div>
`;

exports[`matches snapshot 6`] = `
<div
  className="asuSearch"
>
  <h2
    className="srOnly"
  >
    Search
  </h2>
  <form
    _lpchecked="1"
    id="google/appliance/block/form"
    method="post"
  >
    <label
      htmlFor="masu_search_box"
    >
      Search
    </label>
    <input
      autoComplete="off"
      className="asuSearchBox"
      name="search_header"
      placeholder="Search"
      type="text"
    />
    <input
      className="asuSearchButton"
      type="submit"
      value="Search"
    />
  </form>
</div>
`;

exports[`matches snapshot 7`] = `
<div
  className="asuSearch"
>
  <h2
    className="srOnly"
  >
    Search
  </h2>
  <form
    _lpchecked="1"
    id="google/appliance/block/form"
    method="post"
  >
    <label
      htmlFor="masu_search_box"
    >
      Search
    </label>
    <input
      autoComplete="off"
      className="asuSearchBox"
      name="search_header"
      placeholder="Search"
      type="text"
    />
    <input
      className="asuSearchButton"
      type="submit"
      value="Search"
    />
  </form>
</div>
`;

exports[`matches snapshot 8`] = `
<div
  className="asuSearch"
>
  <h2
    className="srOnly"
  >
    Search
  </h2>
  <form
    _lpchecked="1"
    id="google/appliance/block/form"
    method="post"
  >
    <label
      htmlFor="masu_search_box"
    >
      Search
    </label>
    <input
      autoComplete="off"
      className="asuSearchBox"
      name="search_header"
      placeholder="Search"
      type="text"
    />
    <input
      className="asuSearchButton"
      type="submit"
      value="Search"
    />
  </form>
</div>
`;
